// Jest Snapshot v1, https://goo.gl/fbAQLP

exports[`Header should render correctly 1`] = `
<div>
  <a
    class="ins-c-header-link"
    href="./"
  >
    <img
      alt="Red Hat Logo"
      src="test-file-stub"
    />
  </a>
</div>
`;

exports[`unauthed should render correctly 1`] = `
<div
  class="pf-c-page__header-brand"
>
  <div
    class="pf-c-page__header-brand-toggle"
  >
    <button
      aria-disabled="false"
      aria-label="Toggle primary navigation"
      class="pf-c-button pf-m-plain"
      data-ouia-component-id="chrome-nav-toggle"
      data-ouia-component-type="PF4/Button"
      data-ouia-safe="true"
      type="button"
    >
      <svg
        aria-hidden="true"
        fill="currentColor"
        height="1.5em"
        role="img"
        style="vertical-align: -0.1875em;"
        viewBox="0 0 448 512"
        width="1.5em"
      >
        Log in
      </button>
    </div>,
  ]
</Connect(Header)>
`;

exports[`unauthed should render correctly 1`] = `
<Fragment>
  <Connect(Brand) />
  <Login />
</Fragment>
`;
