// Jest Snapshot v1, https://goo.gl/fbAQLP

exports[`Tools should render correctly 1`] = `
<div
  widget-type="InsightsToolbar"
>
  <div
    class="pf-c-toolbar__item"
  >
    <div>
      &lt;ToolbarToggle /&gt;
    </div>
    &lt;ToolbarToggle /&gt;
    <div
      class="pf-c-toolbar__item pf-m-hidden pf-m-visible-on-lg"
    >
      &lt;UserToggle /&gt;
    </div>
    <div
      class="pf-c-toolbar__item pf-m-hidden-on-lg"
    >
      &lt;UserToggle /&gt;
    </div>
  </div>
</div>
`;
